Microchip Technology Inc, v1.32 (B)

Tool Name:
  /Applications/microchip/xc16/v1.32/bin/bin/../bin/elf-ld

Command:
  -p24FJ256GA106 \
  -o \
  dist/XC16_24FJ256GA110/production/UNITE_Main.X.production.elf \
  -L/Applications/microchip/xc16/v1.32/bin/bin/.. \
  -L/Applications/microchip/xc16/v1.32/bin/bin/../../lib \
  -L/Applications/microchip/xc16/v1.32/bin/bin/../../support/PIC24E/gld \
  -L/Applications/microchip/xc16/v1.32/bin/bin/../../support/PIC24F/gld \
  -L/Applications/microchip/xc16/v1.32/bin/bin/../../support/PIC24H/gld \
  -L/Applications/microchip/xc16/v1.32/bin/bin/../../support/dsPIC30F/gld \
  -L/Applications/microchip/xc16/v1.32/bin/bin/../../support/dsPIC33E/gld \
  -L/Applications/microchip/xc16/v1.32/bin/bin/../../support/dsPIC33F/gld \
  build/XC16_24FJ256GA110/production/mcc_generated_files/uart3.o \
  build/XC16_24FJ256GA110/production/mcc_generated_files/uart4.o \
  build/XC16_24FJ256GA110/production/mcc_generated_files/interrupt_manager.o \
  build/XC16_24FJ256GA110/production/mcc_generated_files/mcc.o \
  build/XC16_24FJ256GA110/production/mcc_generated_files/pin_manager.o \
  build/XC16_24FJ256GA110/production/mcc_generated_files/tmr2.o \
  build/XC16_24FJ256GA110/production/mcc_generated_files/traps.o \
  build/XC16_24FJ256GA110/production/mcc_generated_files/tmr3.o \
  build/XC16_24FJ256GA110/production/mcc_generated_files/tmr4.o \
  build/XC16_24FJ256GA110/production/mcc_generated_files/tmr5.o \
  build/XC16_24FJ256GA110/production/mcc_generated_files/uart1.o \
  build/XC16_24FJ256GA110/production/mcc_generated_files/uart2.o \
  build/XC16_24FJ256GA110/production/mcc_generated_files/tmr1.o \
  build/XC16_24FJ256GA110/production/mcc_generated_files/spi1.o \
  build/XC16_24FJ256GA110/production/mcc_generated_files/spi2.o \
  build/XC16_24FJ256GA110/production/mcc_generated_files/crc16.o \
  build/XC16_24FJ256GA110/production/configuration_bits.o \
  build/XC16_24FJ256GA110/production/interrupts.o \
  build/XC16_24FJ256GA110/production/main.o \
  build/XC16_24FJ256GA110/production/system.o \
  build/XC16_24FJ256GA110/production/traps.o \
  build/XC16_24FJ256GA110/production/user.o \
  build/XC16_24FJ256GA110/production/adc1.o \
  build/XC16_24FJ256GA110/production/SatelliteMode.o \
  build/XC16_24FJ256GA110/production/SampleManager.o \
  build/XC16_24FJ256GA110/production/CommandParser.o \
  build/XC16_24FJ256GA110/production/SystemConfiguration.o \
  build/XC16_24FJ256GA110/production/TransmitManager.o \
  --defsym=__MPLAB_BUILD=1 \
  -Tp24FJ256GA106.gld.00 \
  --stack=16 \
  --check-sections \
  --data-init \
  --pack-data \
  --handles \
  --isr \
  --no-gc-sections \
  --fill-upper=0 \
  --stackguard=16 \
  --no-force-link \
  --smart-io \
  -Map=dist/XC16_24FJ256GA110/production/UNITE_Main.X.production.map \
  --report-mem \
  --memorysummary \
  dist/XC16_24FJ256GA110/production/memoryfile.xml \
  -start-group \
  --library=pic30-elf \
  --library=m-elf \
  --library=c-elf \
  -end-group \


Optional library libpPIC24Fxxx.a not found
Archive member included because of file (symbol)

/Applications/microchip/xc16/v1.32/bin/bin/../../lib/libpic30-elf.a(crt0_standard.o)
                              (__resetPRI)
/Applications/microchip/xc16/v1.32/bin/bin/../../lib/libpic30-elf.a(data_init_standard.o)
                              /Applications/microchip/xc16/v1.32/bin/bin/../../lib/libpic30-elf.a(crt0_standard.o) (__data_init_standard)
/Applications/microchip/xc16/v1.32/bin/bin/../../lib/libpic30-elf.a(crt_start_mode_normal.eo)
                              (__crt_start_mode_normal)
/Applications/microchip/xc16/v1.32/bin/bin/../../lib/libpic30-elf.a(time.eo)
                              build/XC16_24FJ256GA110/production/mcc_generated_files/uart3.o (_time)
/Applications/microchip/xc16/v1.32/bin/bin/../../lib/libm-elf.a(addsf3.eo)
                              build/XC16_24FJ256GA110/production/SatelliteMode.o (___subsf3)
/Applications/microchip/xc16/v1.32/bin/bin/../../lib/libm-elf.a(divsf3.eo)
                              build/XC16_24FJ256GA110/production/SatelliteMode.o (___divsf3)
/Applications/microchip/xc16/v1.32/bin/bin/../../lib/libm-elf.a(feqltle.eo)
                              build/XC16_24FJ256GA110/production/SampleManager.o (___lesf2)
/Applications/microchip/xc16/v1.32/bin/bin/../../lib/libm-elf.a(fgtge.eo)
                              build/XC16_24FJ256GA110/production/SatelliteMode.o (___gtsf2)
/Applications/microchip/xc16/v1.32/bin/bin/../../lib/libm-elf.a(fixsfsi.eo)
                              build/XC16_24FJ256GA110/production/SatelliteMode.o (_(float, int, long long, short, float, short, int))
/Applications/microchip/xc16/v1.32/bin/bin/../../lib/libm-elf.a(floatsisf.eo)
                              build/XC16_24FJ256GA110/production/SatelliteMode.o (___floatsisf)
/Applications/microchip/xc16/v1.32/bin/bin/../../lib/libm-elf.a(floatunsisf.eo)
                              build/XC16_24FJ256GA110/production/SampleManager.o (___floatunsisf)
[...]
Memory Configuration

Name             Origin             Length             Attributes
data             0x000800           0x004000           a !xr
reset            0x000000           0x000004  
ivt              0x000004           0x0000fc  
_reserved        0x000100           0x000004  
aivt             0x000104           0x0000fc  
program          0x000200           0x02a9f8           xr
CONFIG3          0x02abfa           0x000002  
CONFIG2          0x02abfc           0x000002  
CONFIG1          0x02abfe           0x000002  
*default*        0x000000           0xffffffff  

Linker script and memory map

LOAD build/XC16_24FJ256GA110/production/mcc_generated_files/uart3.o
LOAD build/XC16_24FJ256GA110/production/mcc_generated_files/uart4.o
LOAD build/XC16_24FJ256GA110/production/mcc_generated_files/interrupt_manager.o
LOAD build/XC16_24FJ256GA110/production/mcc_generated_files/mcc.o
LOAD build/XC16_24FJ256GA110/production/mcc_generated_files/pin_manager.o
LOAD build/XC16_24FJ256GA110/production/mcc_generated_files/tmr2.o
LOAD build/XC16_24FJ256GA110/production/mcc_generated_files/traps.o
LOAD build/XC16_24FJ256GA110/production/mcc_generated_files/tmr3.o
LOAD build/XC16_24FJ256GA110/production/mcc_generated_files/tmr4.o
LOAD build/XC16_24FJ256GA110/production/mcc_generated_files/tmr5.o
LOAD build/XC16_24FJ256GA110/production/mcc_generated_files/uart1.o
LOAD build/XC16_24FJ256GA110/production/mcc_generated_files/uart2.o
LOAD build/XC16_24FJ256GA110/production/mcc_generated_files/tmr1.o
LOAD build/XC16_24FJ256GA110/production/mcc_generated_files/spi1.o
LOAD build/XC16_24FJ256GA110/production/mcc_generated_files/spi2.o
LOAD build/XC16_24FJ256GA110/production/mcc_generated_files/crc16.o
LOAD build/XC16_24FJ256GA110/production/configuration_bits.o
LOAD build/XC16_24FJ256GA110/production/interrupts.o
LOAD build/XC16_24FJ256GA110/production/main.o
LOAD build/XC16_24FJ256GA110/production/system.o
LOAD build/XC16_24FJ256GA110/production/traps.o
LOAD build/XC16_24FJ256GA110/production/user.o
LOAD build/XC16_24FJ256GA110/production/adc1.o
LOAD build/XC16_24FJ256GA110/production/SatelliteMode.o
LOAD build/XC16_24FJ256GA110/production/SampleManager.o
LOAD build/XC16_24FJ256GA110/production/CommandParser.o
LOAD build/XC16_24FJ256GA110/production/SystemConfiguration.o
LOAD build/XC16_24FJ256GA110/production/TransmitManager.o
                    0x0001                  __MPLAB_BUILD = 0x1
LOAD pPIC24Fxxx
LOAD /Applications/microchip/xc16/v1.32/bin/bin/../../lib/libfx-elf.a
                    0x2abfa                  __CONFIG3 = 0x2abfa
                    0x2abfc                  __CONFIG2 = 0x2abfc
                    0x2abfe                  __CONFIG1 = 0x2abfe
                    0x0200                  __CODE_BASE = 0x200
                    0x2a9f8                  __CODE_LENGTH = 0x2a9f8
                    0x0004                  __IVT_BASE = 0x4
                    0x0104                  __AIVT_BASE = 0x104
                    0x0800                  __DATA_BASE = 0x800
                    0x4000                  __DATA_LENGTH = 0x4000

.reset            0x000000          0x4
                  0x000000          0x2 SHORT 0x200 ABSOLUTE (__reset)
                  0x000001          0x2 SHORT 0x4
                  0x000002          0x2 SHORT 0x0 ((ABSOLUTE (__reset) >> 0x10) & 0x7f)
                  0x000003          0x2 SHORT 0x0

.text             0x000200       0x1f6e
 *(.init)
 .init            0x000200         0x4c /Applications/microchip/xc16/v1.32/bin/bin/../../lib/libpic30-elf.a(crt0_standard.o)
                  0x000200                  __reset
                  0x000200                  __resetPRI
                  0x00023c                  __psv_init
 .init            0x00024c         0x7c /Applications/microchip/xc16/v1.32/bin/bin/../../lib/libpic30-elf.a(data_init_standard.o)
                  0x000252                  __data_init
                  0x000252                  __data_init_standard
 *(.user_init)
 *(.handle)
 *(.isr*)
 .isr.text        0x0002c8         0x2e build/XC16_24FJ256GA110/production/mcc_generated_files/tmr2.o
                  0x0002c8                  __T2Interrupt
 .isr.text        0x0002f6         0x22 build/XC16_24FJ256GA110/production/mcc_generated_files/traps.o
                  0x0002f6                  __OscillatorFail
                  0x0002fe                  __StackError
                  0x000308                  __AddressError
                  0x000310                  __MathError
 .isr.text        0x000318         0x48 build/XC16_24FJ256GA110/production/mcc_generated_files/tmr3.o
                  0x000318                  __T3Interrupt
 .isr.text        0x000360         0x3c build/XC16_24FJ256GA110/production/mcc_generated_files/tmr4.o
                  0x000360                  __T4Interrupt
 .isr.text        0x00039c         0x48 build/XC16_24FJ256GA110/production/mcc_generated_files/tmr5.o
                  0x00039c                  __T5Interrupt
 .isr.text        0x0003e4         0xd4 build/XC16_24FJ256GA110/production/mcc_generated_files/uart1.o
                  0x0003e4                  __U1TXInterrupt
                  0x00043a                  __U1RXInterrupt
                  0x0004a2                  __U1ErrInterrupt
 .isr.text        0x0004b8         0x3e build/XC16_24FJ256GA110/production/mcc_generated_files/tmr1.o
                  0x0004b8                  __T1Interrupt
 .isr.text        0x0004f6         0x1c build/XC16_24FJ256GA110/production/traps.o
                  0x0004f6                  __AltOscillatorFail
                  0x0004fc                  __AltAddressError
                  0x000502                  __AltStackError
                  0x000508                  __AltMathError
                  0x00050e                  __DefaultInterrupt
 *(.libc)
 .libc            0x000512         0x18 /Applications/microchip/xc16/v1.32/bin/bin/../../lib/libpic30-elf.a(time.eo)
                  0x000512                  _time
 .libc            0x00052a         0x5a /Applications/microchip/xc16/v1.32/bin/bin/../../lib/libpic30-elf.a(write.eo)
                  0x00052a                  _write
 .libc            0x000584         0x28 /Applications/microchip/xc16/v1.32/bin/bin/../../lib/libpic30-elf.a(sbrk.eo)
                  0x000584                  _sbrk
 .libc            0x0005ac         0x1a /Applications/microchip/xc16/v1.32/bin/bin/../../lib/libpic30-elf.a(brk.elo)
                  0x0005ac                  _brk
 *(.libm)
 *(.libdsp)
 *(.lib*)
 .libpic30_crt_start_mode
                  0x0005c6          0x2 /Applications/microchip/xc16/v1.32/bin/bin/../../lib/libpic30-elf.a(crt_start_mode_normal.eo)
                  0x0005c6                  __crt_start_mode_normal
                  0x0005c6                  __crt_start_mode
 .libm.subsf3     0x0005c8         0xbc /Applications/microchip/xc16/v1.32/bin/bin/../../lib/libm-elf.a(addsf3.eo)
                  0x0005c8                  ___subsf3
                  0x0005ca                  ___addsf3
 .libm.divfs3     0x000684         0x84 /Applications/microchip/xc16/v1.32/bin/bin/../../lib/libm-elf.a(divsf3.eo)
                  0x000684                  ___divsf3
 .libm.eqsf2      0x000708          0x4 /Applications/microchip/xc16/v1.32/bin/bin/../../lib/libm-elf.a(feqltle.eo)
                  0x000708                  ___lesf2
                  0x000708                  ___eqsf2
                  0x000708                  ___ltsf2
 .libm.gtsf2      0x00070c          0x4 /Applications/microchip/xc16/v1.32/bin/bin/../../lib/libm-elf.a(fgtge.eo)
                  0x00070c                  ___gtsf2
                  0x00070c                  ___gesf2
 .libm.fixsfsi    0x000710         0x42 /Applications/microchip/xc16/v1.32/bin/bin/../../lib/libm-elf.a(fixsfsi.eo)
                  0x000710                  _(float, int, long long, short, float, short, int)
 .libm.floatsisf
                  0x000752          0x6 /Applications/microchip/xc16/v1.32/bin/bin/../../lib/libm-elf.a(floatsisf.eo)
                  0x000752                  ___floatsisf
 .libm.floatunsisf
                  0x000758          0x4 /Applications/microchip/xc16/v1.32/bin/bin/../../lib/libm-elf.a(floatunsisf.eo)
                  0x000758                  ___floatunsisf
 .libm.fpack      0x00075c         0x4c /Applications/microchip/xc16/v1.32/bin/bin/../../lib/libm-elf.a(fpack.eo)
                  0x00075c                  __fpack
 .libm.funpack    0x0007a8         0x2a /Applications/microchip/xc16/v1.32/bin/bin/../../lib/libm-elf.a(funpack.eo)
                  0x0007a8                  __funpack
 .libm.funpack2
                  0x0007d2         0x10 /Applications/microchip/xc16/v1.32/bin/bin/../../lib/libm-elf.a(funpack2.eo)
                  0x0007d2                  __funpack2
 .libm.fPropagateNaN
                  0x0007e2         0x12 /Applications/microchip/xc16/v1.32/bin/bin/../../lib/libm-elf.a(futil.eo)
                  0x0007e2                  __fPropagateNaN
 .libm.fbobExit
                  0x0007f4          0x8 /Applications/microchip/xc16/v1.32/bin/bin/../../lib/libm-elf.a(futil.eo)
                  0x0007f4                  __fbopExit
 .libm.fbopReturnNaN
                  0x0007fc          0x6 /Applications/microchip/xc16/v1.32/bin/bin/../../lib/libm-elf.a(futil.eo)
                  0x0007fc                  __fbopReturnNaN
 .libm.mulsf3     0x000802         0x68 /Applications/microchip/xc16/v1.32/bin/bin/../../lib/libm-elf.a(mulsf3.eo)
                  0x000802                  ___mulsf3
 .libm.powf       0x00086a        0x1c6 /Applications/microchip/xc16/v1.32/bin/bin/../../lib/libm-elf.a(powf.eo)
                  0x00086a                  _powf
 .libm.udivsi3    0x000a30         0x20 /Applications/microchip/xc16/v1.32/bin/bin/../../lib/libm-elf.a(udivsi3.eo)
                  0x000a30                  ___udivsi3
 .libm.umodsi3    0x000a50          0x6 /Applications/microchip/xc16/v1.32/bin/bin/../../lib/libm-elf.a(umodsi3.eo)
                  0x000a50                  ___umodsi3
 .libm.frexpf     0x000a56         0x1a /Applications/microchip/xc16/v1.32/bin/bin/../../lib/libm-elf.a(_frexpf.eo)
                  0x000a56                  __frexpf
 .libm.expf       0x000a70         0xc4 /Applications/microchip/xc16/v1.32/bin/bin/../../lib/libm-elf.a(expf.eo)
                  0x000a70                  _expf
 .libm.fchop      0x000b34         0x4e /Applications/microchip/xc16/v1.32/bin/bin/../../lib/libm-elf.a(fchop.eo)
                  0x000b34                  __fchop
 .libm.fcompare
                  0x000b82         0x36 /Applications/microchip/xc16/v1.32/bin/bin/../../lib/libm-elf.a(fcompare.eo)
                  0x000b82                  __fcompare
 .libm.floatdisf
                  0x000bb8         0x20 /Applications/microchip/xc16/v1.32/bin/bin/../../lib/libm-elf.a(floatdisf.eo)
                  0x000bb8                  ___floatdisf
 .libm.floatundisf
                  0x000bd8         0x5e /Applications/microchip/xc16/v1.32/bin/bin/../../lib/libm-elf.a(floatundisf.eo)
                  0x000bd8                  ___floatundisf
 .libm.ldexpf     0x000c36         0x44 /Applications/microchip/xc16/v1.32/bin/bin/../../lib/libm-elf.a(ldexpf.eo)
                  0x000c36                  _ldexpf
 .libm.logf       0x000c7a         0xae /Applications/microchip/xc16/v1.32/bin/bin/../../lib/libm-elf.a(logf.eo)
                  0x000c7a                  _logf
 .libc.malloc     0x000d28        0x112 /Applications/microchip/xc16/v1.32/bin/bin/../../lib/libc-elf.a(malloc.eo)
                  0x000d28                  _malloc
 .libc.free       0x000e3a         0x16 /Applications/microchip/xc16/v1.32/bin/bin/../../lib/libc-elf.a(malloc.eo)
                  0x000e3a                  _free
 .libc.realloc    0x000e50         0x82 /Applications/microchip/xc16/v1.32/bin/bin/../../lib/libc-elf.a(malloc.eo)
                  0x000e50                  _realloc
 .libc.memcpy     0x000ed2          0xe /Applications/microchip/xc16/v1.32/bin/bin/../../lib/libc-elf.a(memcpy.eo)
                  0x000ed2                  _memcpy
 .libc.memset     0x000ee0          0xe /Applications/microchip/xc16/v1.32/bin/bin/../../lib/libc-elf.a(memset.eo)
                  0x000ee0                  _memset
 .libc.strcat     0x000eee         0x14 /Applications/microchip/xc16/v1.32/bin/bin/../../lib/libc-elf.a(strcat.eo)
                  0x000eee                  _strcat
 .libc.strcmp     0x000f02          0xe /Applications/microchip/xc16/v1.32/bin/bin/../../lib/libc-elf.a(strcmp.eo)
                  0x000f02                  _strcmp
 .libc.strlen     0x000f10          0xc /Applications/microchip/xc16/v1.32/bin/bin/../../lib/libc-elf.a(strlen.eo)
                  0x000f10                  _strlen
 .libc.strstr     0x000f1c         0x2c /Applications/microchip/xc16/v1.32/bin/bin/../../lib/libc-elf.a(strstr.eo)
                  0x000f1c                  _strstr
 .libc.strchr     0x000f48         0x1a /Applications/microchip/xc16/v1.32/bin/bin/../../lib/libc-elf.a(strchr.elo)
                  0x000f48                  _strchr
 .libc._sprintf_cdfFnopsuxX
                  0x000f62         0x2c /Applications/microchip/xc16/v1.32/bin/bin/../../lib/libc-elf.a(sprintf_cdfFnopsuxX.XXeo)
                  0x000f62                  __sprintf_cdnopsuxX
                  0x000f62                  __sprintf_cdfFnopuxX
                  0x000f62                  __sprintf_cdfFnopsuxX
 .libc.fround     0x000f8e         0xba /Applications/microchip/xc16/v1.32/bin/bin/../../lib/libc-elf.a(doprnt_cdfFnopsuxX.XXeo)
 .libc.scale      0x001048         0xc4 /Applications/microchip/xc16/v1.32/bin/bin/../../lib/libc-elf.a(doprnt_cdfFnopsuxX.XXeo)
 .libc.sputc      0x00110c         0x12 /Applications/microchip/xc16/v1.32/bin/bin/../../lib/libc-elf.a(doprnt_cdfFnopsuxX.XXeo)
 .libc._vfprintf_cdfFnopsuxX
                  0x00111e        0x9c0 /Applications/microchip/xc16/v1.32/bin/bin/../../lib/libc-elf.a(doprnt_cdfFnopsuxX.XXeo)
                  0x00111e                  __vfprintf_cdfFnopsuxX
                  0x00111e                  __vfprintf_cdnopsuxX
                  0x00111e                  __vfprintf_cdfFnopuxX
 .libc.fputc      0x001ade         0x86 /Applications/microchip/xc16/v1.32/bin/bin/../../lib/libc-elf.a(fputc.eo)
                  0x001ade                  _fputc
 .libc.strncmp    0x001b64         0x1e /Applications/microchip/xc16/v1.32/bin/bin/../../lib/libc-elf.a(strncmp.eo)
                  0x001b64                  _strncmp
 .libc._flsbuf    0x001b82         0x7e /Applications/microchip/xc16/v1.32/bin/bin/../../lib/libc-elf.a(flsbuf.eo)
                  0x001b82                  __flsbuf
 .libc.dowrite    0x001c00          0x4 /Applications/microchip/xc16/v1.32/bin/bin/../../lib/libpic30-elf.a(write.eo)
 .libm.adddf3     0x001c04         0xfc /Applications/microchip/xc16/v1.32/bin/bin/../../lib/libm-elf.a(adddf3.eo)
                  0x001c04                  ___adddf3
 .libm.eqdf2      0x001d00          0xa /Applications/microchip/xc16/v1.32/bin/bin/../../lib/libm-elf.a(deqltle.eo)
                  0x001d00                  ___ledf2
                  0x001d00                  ___eqdf2
                  0x001d00                  ___ltdf2
 .libm.gtdf2      0x001d0a          0xa /Applications/microchip/xc16/v1.32/bin/bin/../../lib/libm-elf.a(dgtge.eo)
                  0x001d0a                  ___gedf2
                  0x001d0a                  ___gtdf2
 .libm.divdf3     0x001d14         0xb4 /Applications/microchip/xc16/v1.32/bin/bin/../../lib/libm-elf.a(divdf3.eo)
                  0x001d14                  ___divdf3
 .libm.nedf2      0x001dc8          0xa /Applications/microchip/xc16/v1.32/bin/bin/../../lib/libm-elf.a(dne.eo)
                  0x001dc8                  ___nedf2
 .libm.dpack      0x001dd2         0x58 /Applications/microchip/xc16/v1.32/bin/bin/../../lib/libm-elf.a(dpack.eo)
                  0x001dd2                  __dpack
 .libm.dunpack2
                  0x001e2a         0x32 /Applications/microchip/xc16/v1.32/bin/bin/../../lib/libm-elf.a(dunpack2.eo)
                  0x001e2a                  __dunpack2
                  0x001e4c                  __dreturnNaN
                  0x001e52                  __dunpack2exit
 .libm.extendsfdf2
                  0x001e5c         0x3e /Applications/microchip/xc16/v1.32/bin/bin/../../lib/libm-elf.a(extendsfdf.eo)
                  0x001e5c                  ___extendsfdf2
 .libm.fixunsdfdi
                  0x001e9a         0x62 /Applications/microchip/xc16/v1.32/bin/bin/../../lib/libm-elf.a(fixunsdfdi.eo)
                  0x001e9a                  ___fixunsdfdi
 .libm.floatunsidf
                  0x001efc          0x4 /Applications/microchip/xc16/v1.32/bin/bin/../../lib/libm-elf.a(floatunsidf.eo)
                  0x001efc                  ___floatunsidf
 .libm.frexp      0x001f00         0x3a /Applications/microchip/xc16/v1.32/bin/bin/../../lib/libm-elf.a(frexp.eo)
                  0x001f00                  _frexpl
                  0x001f00                  _frexp
 *fill*           0x001f3a          0x400
 .libm.muldf3     0x001f3c         0xec /Applications/microchip/xc16/v1.32/bin/bin/../../lib/libm-elf.a(muldf3.eo)
                  0x001f3c                  ___muldf3
 .libm.subdf3     0x002028          0x4 /Applications/microchip/xc16/v1.32/bin/bin/../../lib/libm-elf.a(subdf3.eo)
                  0x002028                  ___subdf3
 .libm.mulsi3     0x00202c          0xc /Applications/microchip/xc16/v1.32/bin/bin/../../lib/libm-elf.a(mulsi3.eo)
                  0x00202c                  ___mulp32eds3
                  0x00202c                  ___mulp32peds3
                  0x00202c                  ___mulsi3
 .libm.dcompare
                  0x002038         0x52 /Applications/microchip/xc16/v1.32/bin/bin/../../lib/libm-elf.a(dcompare.eo)
                  0x002038                  __dcompare
 .libm.dPropagateNaN
                  0x00208a         0x1c /Applications/microchip/xc16/v1.32/bin/bin/../../lib/libm-elf.a(dpropagateNaN.eo)
                  0x00208a                  __dPropagateNaN
 .libm.dtype      0x0020a6         0x24 /Applications/microchip/xc16/v1.32/bin/bin/../../lib/libm-elf.a(dtype.eo)
                  0x0020a6                  __dtype
 .libm.dunpack    0x0020ca         0x4e /Applications/microchip/xc16/v1.32/bin/bin/../../lib/libm-elf.a(dunpack.eo)
                  0x0020ca                  __dunpack
 .libm.floatundidf
                  0x002118         0x56 /Applications/microchip/xc16/v1.32/bin/bin/../../lib/libm-elf.a(floatundidf.eo)
                  0x002118                  ___floatundidf

usercode
 *(usercode)

__CONFIG3
 *(__CONFIG3.sec*)

__CONFIG2
 *(__CONFIG2.sec*)

__CONFIG1
 *(__CONFIG1.sec*)

.comment
 *(.comment)

.debug_info       0x000000       0xfbb6
 *(.debug_info)
 .debug_info      0x000000        0x717 build/XC16_24FJ256GA110/production/mcc_generated_files/uart3.o
 .debug_info      0x000717        0x6b9 build/XC16_24FJ256GA110/production/mcc_generated_files/uart4.o
 .debug_info      0x000dd0        0xbc3 build/XC16_24FJ256GA110/production/mcc_generated_files/interrupt_manager.o
 .debug_info      0x001993        0x347 build/XC16_24FJ256GA110/production/mcc_generated_files/mcc.o
 .debug_info      0x001cda       0x174e build/XC16_24FJ256GA110/production/mcc_generated_files/pin_manager.o
 .debug_info      0x003428        0x7c6 build/XC16_24FJ256GA110/production/mcc_generated_files/tmr2.o
 .debug_info      0x003bee        0x3ae build/XC16_24FJ256GA110/production/mcc_generated_files/traps.o
 .debug_info      0x003f9c        0x891 build/XC16_24FJ256GA110/production/mcc_generated_files/tmr3.o
 .debug_info      0x00482d        0x7fc build/XC16_24FJ256GA110/production/mcc_generated_files/tmr4.o
 .debug_info      0x005029        0x90a build/XC16_24FJ256GA110/production/mcc_generated_files/tmr5.o
 .debug_info      0x005933        0xf1b build/XC16_24FJ256GA110/production/mcc_generated_files/uart1.o
 .debug_info      0x00684e        0x717 build/XC16_24FJ256GA110/production/mcc_generated_files/uart2.o
 .debug_info      0x006f65        0x854 build/XC16_24FJ256GA110/production/mcc_generated_files/tmr1.o
 .debug_info      0x0077b9        0x9a1 build/XC16_24FJ256GA110/production/mcc_generated_files/spi1.o
 .debug_info      0x00815a        0x957 build/XC16_24FJ256GA110/production/mcc_generated_files/spi2.o
 .debug_info      0x008ab1        0x40e build/XC16_24FJ256GA110/production/mcc_generated_files/crc16.o
 .debug_info      0x008ebf         0xb9 build/XC16_24FJ256GA110/production/configuration_bits.o
 .debug_info      0x008f78        0x124 build/XC16_24FJ256GA110/production/interrupts.o
 .debug_info      0x00909c        0x1a6 build/XC16_24FJ256GA110/production/main.o
 .debug_info      0x009242        0x63a build/XC16_24FJ256GA110/production/system.o
 .debug_info      0x00987c        0x277 build/XC16_24FJ256GA110/production/traps.o
 .debug_info      0x009af3        0x135 build/XC16_24FJ256GA110/production/user.o
 .debug_info      0x009c28        0xb27 build/XC16_24FJ256GA110/production/adc1.o
 .debug_info      0x00a74f        0xab6 build/XC16_24FJ256GA110/production/SatelliteMode.o
 .debug_info      0x00b205       0x2087 build/XC16_24FJ256GA110/production/SampleManager.o
 .debug_info      0x00d28c        0xc6a build/XC16_24FJ256GA110/production/CommandParser.o
 .debug_info      0x00def6        0x619 build/XC16_24FJ256GA110/production/SystemConfiguration.o
 .debug_info      0x00e50f       0x16a7 build/XC16_24FJ256GA110/production/TransmitManager.o
 *(.gnu.linkonce.wi.*)

.debug_abbrev     0x000000       0x217d
 *(.debug_abbrev)
 .debug_abbrev    0x000000        0x151 build/XC16_24FJ256GA110/production/mcc_generated_files/uart3.o
 .debug_abbrev    0x000151        0x118 build/XC16_24FJ256GA110/production/mcc_generated_files/uart4.o
 .debug_abbrev    0x000269         0xa7 build/XC16_24FJ256GA110/production/mcc_generated_files/interrupt_manager.o
 .debug_abbrev    0x000310         0xc5 build/XC16_24FJ256GA110/production/mcc_generated_files/mcc.o
 .debug_abbrev    0x0003d5         0xc9 build/XC16_24FJ256GA110/production/mcc_generated_files/pin_manager.o
 .debug_abbrev    0x00049e        0x15b build/XC16_24FJ256GA110/production/mcc_generated_files/tmr2.o
 .debug_abbrev    0x0005f9        0x10d build/XC16_24FJ256GA110/production/mcc_generated_files/traps.o
 .debug_abbrev    0x000706        0x179 build/XC16_24FJ256GA110/production/mcc_generated_files/tmr3.o
 .debug_abbrev    0x00087f        0x15d build/XC16_24FJ256GA110/production/mcc_generated_files/tmr4.o
 .debug_abbrev    0x0009dc        0x190 build/XC16_24FJ256GA110/production/mcc_generated_files/tmr5.o
 .debug_abbrev    0x000b6c        0x1f5 build/XC16_24FJ256GA110/production/mcc_generated_files/uart1.o
 .debug_abbrev    0x000d61        0x151 build/XC16_24FJ256GA110/production/mcc_generated_files/uart2.o
 .debug_abbrev    0x000eb2        0x195 build/XC16_24FJ256GA110/production/mcc_generated_files/tmr1.o
 .debug_abbrev    0x001047        0x1c9 build/XC16_24FJ256GA110/production/mcc_generated_files/spi1.o
 .debug_abbrev    0x001210        0x183 build/XC16_24FJ256GA110/production/mcc_generated_files/spi2.o
 .debug_abbrev    0x001393        0x103 build/XC16_24FJ256GA110/production/mcc_generated_files/crc16.o
 .debug_abbrev    0x001496         0x1f build/XC16_24FJ256GA110/production/configuration_bits.o
 .debug_abbrev    0x0014b5         0x1f build/XC16_24FJ256GA110/production/interrupts.o
 .debug_abbrev    0x0014d4         0x59 build/XC16_24FJ256GA110/production/main.o
 .debug_abbrev    0x00152d        0x132 build/XC16_24FJ256GA110/production/system.o
 .debug_abbrev    0x00165f         0x7d build/XC16_24FJ256GA110/production/traps.o
 .debug_abbrev    0x0016dc         0x34 build/XC16_24FJ256GA110/production/user.o
 .debug_abbrev    0x001710        0x16d build/XC16_24FJ256GA110/production/adc1.o
 .debug_abbrev    0x00187d        0x20c build/XC16_24FJ256GA110/production/SatelliteMode.o
 .debug_abbrev    0x001a89        0x240 build/XC16_24FJ256GA110/production/SampleManager.o
 .debug_abbrev    0x001cc9        0x17d build/XC16_24FJ256GA110/production/CommandParser.o
 .debug_abbrev    0x001e46         0xe6 build/XC16_24FJ256GA110/production/SystemConfiguration.o
 .debug_abbrev    0x001f2c        0x251 build/XC16_24FJ256GA110/production/TransmitManager.o

.debug_line       0x000000       0x223b
 *(.debug_line)
 .debug_line      0x000000        0x139 build/XC16_24FJ256GA110/production/mcc_generated_files/uart3.o
 .debug_line      0x000139        0x100 build/XC16_24FJ256GA110/production/mcc_generated_files/uart4.o
 .debug_line      0x000239         0xb4 build/XC16_24FJ256GA110/production/mcc_generated_files/interrupt_manager.o
 .debug_line      0x0002ed         0xfb build/XC16_24FJ256GA110/production/mcc_generated_files/mcc.o
 .debug_line      0x0003e8         0xd7 build/XC16_24FJ256GA110/production/mcc_generated_files/pin_manager.o
 .debug_line      0x0004bf        0x129 build/XC16_24FJ256GA110/production/mcc_generated_files/tmr2.o
 .debug_line      0x0005e8        0x112 build/XC16_24FJ256GA110/production/mcc_generated_files/traps.o
 .debug_line      0x0006fa        0x16d build/XC16_24FJ256GA110/production/mcc_generated_files/tmr3.o
 .debug_line      0x000867        0x129 build/XC16_24FJ256GA110/production/mcc_generated_files/tmr4.o
 .debug_line      0x000990        0x135 build/XC16_24FJ256GA110/production/mcc_generated_files/tmr5.o
 .debug_line      0x000ac5        0x194 build/XC16_24FJ256GA110/production/mcc_generated_files/uart1.o
 .debug_line      0x000c59        0x139 build/XC16_24FJ256GA110/production/mcc_generated_files/uart2.o
 .debug_line      0x000d92        0x15f build/XC16_24FJ256GA110/production/mcc_generated_files/tmr1.o
 .debug_line      0x000ef1        0x165 build/XC16_24FJ256GA110/production/mcc_generated_files/spi1.o
 .debug_line      0x001056        0x161 build/XC16_24FJ256GA110/production/mcc_generated_files/spi2.o
 .debug_line      0x0011b7         0xf6 build/XC16_24FJ256GA110/production/mcc_generated_files/crc16.o
 .debug_line      0x0012ad         0x1a build/XC16_24FJ256GA110/production/configuration_bits.o
 .debug_line      0x0012c7         0x1a build/XC16_24FJ256GA110/production/interrupts.o
 .debug_line      0x0012e1         0x95 build/XC16_24FJ256GA110/production/main.o
 .debug_line      0x001376        0x108 build/XC16_24FJ256GA110/production/system.o
 .debug_line      0x00147e         0x99 build/XC16_24FJ256GA110/production/traps.o
 .debug_line      0x001517         0x34 build/XC16_24FJ256GA110/production/user.o
 .debug_line      0x00154b        0x113 build/XC16_24FJ256GA110/production/adc1.o
 .debug_line      0x00165e        0x1f3 build/XC16_24FJ256GA110/production/SatelliteMode.o
 .debug_line      0x001851        0x3b3 build/XC16_24FJ256GA110/production/SampleManager.o
 .debug_line      0x001c04        0x1f8 build/XC16_24FJ256GA110/production/CommandParser.o
 .debug_line      0x001dfc         0xfd build/XC16_24FJ256GA110/production/SystemConfiguration.o
 .debug_line      0x001ef9        0x342 build/XC16_24FJ256GA110/production/TransmitManager.o

.debug_frame      0x000000       0x1b88
 *(.debug_frame)
 .debug_frame     0x000000         0x84 build/XC16_24FJ256GA110/production/mcc_generated_files/uart3.o
 .debug_frame     0x000084         0x84 build/XC16_24FJ256GA110/production/mcc_generated_files/uart4.o
 .debug_frame     0x000108         0x30 build/XC16_24FJ256GA110/production/mcc_generated_files/interrupt_manager.o
 .debug_frame     0x000138         0x4c build/XC16_24FJ256GA110/production/mcc_generated_files/mcc.o
 .debug_frame     0x000184         0x30 build/XC16_24FJ256GA110/production/mcc_generated_files/pin_manager.o
 .debug_frame     0x0001b4        0x188 build/XC16_24FJ256GA110/production/mcc_generated_files/tmr2.o
 .debug_frame     0x00033c         0x80 build/XC16_24FJ256GA110/production/mcc_generated_files/traps.o
 .debug_frame     0x0003bc        0x190 build/XC16_24FJ256GA110/production/mcc_generated_files/tmr3.o
 .debug_frame     0x00054c        0x188 build/XC16_24FJ256GA110/production/mcc_generated_files/tmr4.o
 .debug_frame     0x0006d4        0x188 build/XC16_24FJ256GA110/production/mcc_generated_files/tmr5.o
 .debug_frame     0x00085c        0x1f2 build/XC16_24FJ256GA110/production/mcc_generated_files/uart1.o
 .debug_frame     0x000a4e         0x84 build/XC16_24FJ256GA110/production/mcc_generated_files/uart2.o
 .debug_frame     0x000ad2        0x188 build/XC16_24FJ256GA110/production/mcc_generated_files/tmr1.o
 .debug_frame     0x000c5a         0xf4 build/XC16_24FJ256GA110/production/mcc_generated_files/spi1.o
 .debug_frame     0x000d4e         0xd8 build/XC16_24FJ256GA110/production/mcc_generated_files/spi2.o
 .debug_frame     0x000e26         0x4c build/XC16_24FJ256GA110/production/mcc_generated_files/crc16.o
 .debug_frame     0x000e72         0x30 build/XC16_24FJ256GA110/production/main.o
 .debug_frame     0x000ea2         0xf4 build/XC16_24FJ256GA110/production/system.o
 .debug_frame     0x000f96         0xa0 build/XC16_24FJ256GA110/production/traps.o
 .debug_frame     0x001036         0x30 build/XC16_24FJ256GA110/production/user.o
 .debug_frame     0x001066         0x84 build/XC16_24FJ256GA110/production/adc1.o
 .debug_frame     0x0010ea        0x146 build/XC16_24FJ256GA110/production/SatelliteMode.o
 .debug_frame     0x001230        0x442 build/XC16_24FJ256GA110/production/SampleManager.o
 .debug_frame     0x001672        0x100 build/XC16_24FJ256GA110/production/CommandParser.o
 .debug_frame     0x001772         0xd8 build/XC16_24FJ256GA110/production/SystemConfiguration.o
 .debug_frame     0x00184a        0x33e build/XC16_24FJ256GA110/production/TransmitManager.o

.debug_str        0x000000       0x120f
 *(.debug_str)
 .debug_str       0x000000         0x28 build/XC16_24FJ256GA110/production/mcc_generated_files/uart3.o
 .debug_str       0x000028         0x15 build/XC16_24FJ256GA110/production/mcc_generated_files/uart4.o
 .debug_str       0x00003d         0x40 build/XC16_24FJ256GA110/production/mcc_generated_files/interrupt_manager.o
 .debug_str       0x00007d          0xb build/XC16_24FJ256GA110/production/mcc_generated_files/mcc.o
 .debug_str       0x000088         0x98 build/XC16_24FJ256GA110/production/mcc_generated_files/pin_manager.o
 .debug_str       0x000120         0x1c build/XC16_24FJ256GA110/production/mcc_generated_files/tmr2.o
 .debug_str       0x00013c          0xc build/XC16_24FJ256GA110/production/mcc_generated_files/traps.o
 .debug_str       0x000148         0x43 build/XC16_24FJ256GA110/production/mcc_generated_files/tmr3.o
 .debug_str       0x00018b         0x1c build/XC16_24FJ256GA110/production/mcc_generated_files/tmr4.o
 .debug_str       0x0001a7         0x42 build/XC16_24FJ256GA110/production/mcc_generated_files/tmr5.o
 .debug_str       0x0001e9         0x30 build/XC16_24FJ256GA110/production/mcc_generated_files/uart1.o
 .debug_str       0x000219         0x27 build/XC16_24FJ256GA110/production/mcc_generated_files/uart2.o
 .debug_str       0x000240         0x45 build/XC16_24FJ256GA110/production/mcc_generated_files/tmr1.o
 .debug_str       0x000285         0x66 build/XC16_24FJ256GA110/production/mcc_generated_files/spi1.o
 .debug_str       0x0002eb         0x5a build/XC16_24FJ256GA110/production/mcc_generated_files/spi2.o
 .debug_str       0x000345          0xb build/XC16_24FJ256GA110/production/mcc_generated_files/crc16.o
 .debug_str       0x000350         0x4d build/XC16_24FJ256GA110/production/system.o
 .debug_str       0x00039d          0xc build/XC16_24FJ256GA110/production/traps.o
 .debug_str       0x0003a9         0xc4 build/XC16_24FJ256GA110/production/adc1.o
 .debug_str       0x00046d        0x1ba build/XC16_24FJ256GA110/production/SatelliteMode.o
 .debug_str       0x000627        0x5e2 build/XC16_24FJ256GA110/production/SampleManager.o
 .debug_str       0x000c09        0x1c7 build/XC16_24FJ256GA110/production/CommandParser.o
 .debug_str       0x000dd0         0x2f build/XC16_24FJ256GA110/production/SystemConfiguration.o
 .debug_str       0x000dff        0x410 build/XC16_24FJ256GA110/production/TransmitManager.o

.debug_loc
 *(.debug_loc)

.debug_macinfo
 *(.debug_macinfo)

.debug_pubnames
                  0x000000       0x2136
 *(.debug_pubnames)
 .debug_pubnames
                  0x000000         0x5a build/XC16_24FJ256GA110/production/mcc_generated_files/uart3.o
 .debug_pubnames
                  0x00005a         0x5a build/XC16_24FJ256GA110/production/mcc_generated_files/uart4.o
 .debug_pubnames
                  0x0000b4         0x2b build/XC16_24FJ256GA110/production/mcc_generated_files/interrupt_manager.o
 .debug_pubnames
                  0x0000df         0x42 build/XC16_24FJ256GA110/production/mcc_generated_files/mcc.o
 .debug_pubnames
                  0x000121         0x2d build/XC16_24FJ256GA110/production/mcc_generated_files/pin_manager.o
 .debug_pubnames
                  0x00014e        0x11f build/XC16_24FJ256GA110/production/mcc_generated_files/tmr2.o
 .debug_pubnames
                  0x00026d         0x6f build/XC16_24FJ256GA110/production/mcc_generated_files/traps.o
 .debug_pubnames
                  0x0002dc        0x11f build/XC16_24FJ256GA110/production/mcc_generated_files/tmr3.o
 .debug_pubnames
                  0x0003fb        0x11f build/XC16_24FJ256GA110/production/mcc_generated_files/tmr4.o
 .debug_pubnames
                  0x00051a        0x14f build/XC16_24FJ256GA110/production/mcc_generated_files/tmr5.o
 .debug_pubnames
                  0x000669        0x167 build/XC16_24FJ256GA110/production/mcc_generated_files/uart1.o
 .debug_pubnames
                  0x0007d0         0x5a build/XC16_24FJ256GA110/production/mcc_generated_files/uart2.o
 .debug_pubnames
                  0x00082a        0x140 build/XC16_24FJ256GA110/production/mcc_generated_files/tmr1.o
 .debug_pubnames
                  0x00096a         0xc6 build/XC16_24FJ256GA110/production/mcc_generated_files/spi1.o
 .debug_pubnames
                  0x000a30         0xae build/XC16_24FJ256GA110/production/mcc_generated_files/spi2.o
 .debug_pubnames
                  0x000ade         0x3a build/XC16_24FJ256GA110/production/mcc_generated_files/crc16.o
 .debug_pubnames
                  0x000b18         0x1b build/XC16_24FJ256GA110/production/main.o
 .debug_pubnames
                  0x000b33         0x90 build/XC16_24FJ256GA110/production/system.o
 .debug_pubnames
                  0x000bc3         0x79 build/XC16_24FJ256GA110/production/traps.o
 .debug_pubnames
                  0x000c3c         0x1e build/XC16_24FJ256GA110/production/user.o
 .debug_pubnames
                  0x000c5a         0x92 build/XC16_24FJ256GA110/production/adc1.o
 .debug_pubnames
                  0x000cec        0x167 build/XC16_24FJ256GA110/production/SatelliteMode.o
 .debug_pubnames
                  0x000e53        0x91e build/XC16_24FJ256GA110/production/SampleManager.o
 .debug_pubnames
                  0x001771        0x15c build/XC16_24FJ256GA110/production/CommandParser.o
 .debug_pubnames
                  0x0018cd        0x13f build/XC16_24FJ256GA110/production/SystemConfiguration.o
 .debug_pubnames
                  0x001a0c        0x72a build/XC16_24FJ256GA110/production/TransmitManager.o

.debug_ranges
 *(.debug_ranges)

.debug_aranges    0x000000        0x270
 *(.debug_aranges)
 .debug_aranges
                  0x000000         0x18 build/XC16_24FJ256GA110/production/mcc_generated_files/uart3.o
 .debug_aranges
                  0x000018         0x18 build/XC16_24FJ256GA110/production/mcc_generated_files/uart4.o
 .debug_aranges
                  0x000030         0x18 build/XC16_24FJ256GA110/production/mcc_generated_files/interrupt_manager.o
 .debug_aranges
                  0x000048         0x18 build/XC16_24FJ256GA110/production/mcc_generated_files/mcc.o
 .debug_aranges
                  0x000060         0x18 build/XC16_24FJ256GA110/production/mcc_generated_files/pin_manager.o
 .debug_aranges
                  0x000078         0x18 build/XC16_24FJ256GA110/production/mcc_generated_files/tmr2.o
 .debug_aranges
                  0x000090         0x18 build/XC16_24FJ256GA110/production/mcc_generated_files/traps.o
 .debug_aranges
                  0x0000a8         0x18 build/XC16_24FJ256GA110/production/mcc_generated_files/tmr3.o
 .debug_aranges
                  0x0000c0         0x18 build/XC16_24FJ256GA110/production/mcc_generated_files/tmr4.o
 .debug_aranges
                  0x0000d8         0x18 build/XC16_24FJ256GA110/production/mcc_generated_files/tmr5.o
 .debug_aranges
                  0x0000f0         0x18 build/XC16_24FJ256GA110/production/mcc_generated_files/uart1.o
 .debug_aranges
                  0x000108         0x18 build/XC16_24FJ256GA110/production/mcc_generated_files/uart2.o
 .debug_aranges
                  0x000120         0x18 build/XC16_24FJ256GA110/production/mcc_generated_files/tmr1.o
 .debug_aranges
                  0x000138         0x18 build/XC16_24FJ256GA110/production/mcc_generated_files/spi1.o
 .debug_aranges
                  0x000150         0x18 build/XC16_24FJ256GA110/production/mcc_generated_files/spi2.o
 .debug_aranges
                  0x000168         0x18 build/XC16_24FJ256GA110/production/mcc_generated_files/crc16.o
 .debug_aranges
                  0x000180         0x18 build/XC16_24FJ256GA110/production/main.o
 .debug_aranges
                  0x000198         0x18 build/XC16_24FJ256GA110/production/system.o
 .debug_aranges
                  0x0001b0         0x18 build/XC16_24FJ256GA110/production/traps.o
 .debug_aranges
                  0x0001c8         0x18 build/XC16_24FJ256GA110/production/user.o
 .debug_aranges
                  0x0001e0         0x18 build/XC16_24FJ256GA110/production/adc1.o
 .debug_aranges
                  0x0001f8         0x18 build/XC16_24FJ256GA110/production/SatelliteMode.o
 .debug_aranges
                  0x000210         0x18 build/XC16_24FJ256GA110/production/SampleManager.o
 .debug_aranges
                  0x000228         0x18 build/XC16_24FJ256GA110/production/CommandParser.o
 .debug_aranges
                  0x000240         0x18 build/XC16_24FJ256GA110/production/SystemConfiguration.o
 .debug_aranges
                  0x000258         0x18 build/XC16_24FJ256GA110/production/TransmitManager.o
                    0x0000                  WREG0 = 0x0
                    0x0000                  _WREG0 = 0x0
                    0x0002                  WREG1 = 0x2
                    0x0002                  _WREG1 = 0x2
                    0x0004                  WREG2 = 0x4
                    0x0004                  _WREG2 = 0x4
                    0x0006                  WREG3 = 0x6
                    0x0006                  _WREG3 = 0x6
                    0x0008                  WREG4 = 0x8
                    0x0008                  _WREG4 = 0x8
                    0x000a                  WREG5 = 0xa
                    0x000a                  _WREG5 = 0xa
                    0x000c                  WREG6 = 0xc
                    0x000c                  _WREG6 = 0xc
                    0x000e                  WREG7 = 0xe
                    0x000e                  _WREG7 = 0xe
                    0x0010                  WREG8 = 0x10
                    0x0010                  _WREG8 = 0x10
                    0x0012                  WREG9 = 0x12
                    0x0012                  _WREG9 = 0x12
                    0x0014                  WREG10 = 0x14
                    0x0014                  _WREG10 = 0x14
                    0x0016                  WREG11 = 0x16
                    0x0016                  _WREG11 = 0x16
                    0x0018                  WREG12 = 0x18
                    0x0018                  _WREG12 = 0x18
                    0x001a                  WREG13 = 0x1a
                    0x001a                  _WREG13 = 0x1a
                    0x001c                  WREG14 = 0x1c
                    0x001c                  _WREG14 = 0x1c
                    0x001e                  WREG15 = 0x1e
                    0x001e                  _WREG15 = 0x1e
                    0x0020                  SPLIM = 0x20
                    0x0020                  _SPLIM = 0x20
                    0x002e                  PCL = 0x2e
                    0x002e                  _PCL = 0x2e
                    0x0030                  PCH = 0x30
                    0x0030                  _PCH = 0x30
                    0x0032                  TBLPAG = 0x32
                    0x0032                  _TBLPAG = 0x32
                    0x0034                  PSVPAG = 0x34
                    0x0034                  _PSVPAG = 0x34
                    0x0036                  RCOUNT = 0x36
                    0x0036                  _RCOUNT = 0x36
                    0x0042                  SR = 0x42
                    0x0042                  _SR = 0x42
                    0x0042                  _SRbits = 0x42
                    0x0044                  CORCON = 0x44
                    0x0044                  _CORCON = 0x44
                    0x0044                  _CORCONbits = 0x44
                    0x0052                  DISICNT = 0x52
                    0x0052                  _DISICNT = 0x52
                    0x0054                  CNPD1 = 0x54
                    0x0054                  _CNPD1 = 0x54
                    0x0054                  _CNPD1bits = 0x54
                    0x0056                  CNPD2 = 0x56
                    0x0056                  _CNPD2 = 0x56
                    0x0056                  _CNPD2bits = 0x56
                    0x0058                  CNPD3 = 0x58
                    0x0058                  _CNPD3 = 0x58
                    0x0058                  _CNPD3bits = 0x58
                    0x005a                  CNPD4 = 0x5a
                    0x005a                  _CNPD4 = 0x5a
                    0x005a                  _CNPD4bits = 0x5a
                    0x005c                  CNPD5 = 0x5c
                    0x005c                  _CNPD5 = 0x5c
                    0x005c                  _CNPD5bits = 0x5c
                    0x005e                  CNPD6 = 0x5e
                    0x005e                  _CNPD6 = 0x5e
                    0x005e                  _CNPD6bits = 0x5e
                    0x0060                  CNEN1 = 0x60
                    0x0060                  _CNEN1 = 0x60
                    0x0060                  _CNEN1bits = 0x60
                    0x0062                  CNEN2 = 0x62
                    0x0062                  _CNEN2 = 0x62
                    0x0062                  _CNEN2bits = 0x62
                    0x0064                  CNEN3 = 0x64
                    0x0064                  _CNEN3 = 0x64
                    0x0064                  _CNEN3bits = 0x64
                    0x0066                  CNEN4 = 0x66
                    0x0066                  _CNEN4 = 0x66
                    0x0066                  _CNEN4bits = 0x66
                    0x0068                  CNEN5 = 0x68
                    0x0068                  _CNEN5 = 0x68
                    0x0068                  _CNEN5bits = 0x68
                    0x006a                  CNEN6 = 0x6a
                    0x006a                  _CNEN6 = 0x6a
                    0x006a                  _CNEN6bits = 0x6a
                    0x006c                  CNPU1 = 0x6c
                    0x006c                  _CNPU1 = 0x6c
                    0x006c                  _CNPU1bits = 0x6c
                    0x006e                  CNPU2 = 0x6e
                    0x006e                  _CNPU2 = 0x6e
                    0x006e                  _CNPU2bits = 0x6e
                    0x0070                  CNPU3 = 0x70
                    0x0070                  _CNPU3 = 0x70
                    0x0070                  _CNPU3bits = 0x70
                    0x0072                  CNPU4 = 0x72
                    0x0072                  _CNPU4 = 0x72
                    0x0072                  _CNPU4bits = 0x72
                    0x0074                  CNPU5 = 0x74
                    0x0074                  _CNPU5 = 0x74
                    0x0074                  _CNPU5bits = 0x74
                    0x0076                  CNPU6 = 0x76
                    0x0076                  _CNPU6 = 0x76
                    0x0076                  _CNPU6bits = 0x76
                    0x0080                  INTCON1 = 0x80
                    0x0080                  _INTCON1 = 0x80
                    0x0080                  _INTCON1bits = 0x80
                    0x0082                  INTCON2 = 0x82
                    0x0082                  _INTCON2 = 0x82
                    0x0082                  _INTCON2bits = 0x82
                    0x0084                  IFS0 = 0x84
                    0x0084                  _IFS0 = 0x84
                    0x0084                  _IFS0bits = 0x84
                    0x0086                  IFS1 = 0x86
                    0x0086                  _IFS1 = 0x86
                    0x0086                  _IFS1bits = 0x86
                    0x0088                  IFS2 = 0x88
                    0x0088                  _IFS2 = 0x88
                    0x0088                  _IFS2bits = 0x88
                    0x008a                  IFS3 = 0x8a
                    0x008a                  _IFS3 = 0x8a
                    0x008a                  _IFS3bits = 0x8a
                    0x008c                  IFS4 = 0x8c
                    0x008c                  _IFS4 = 0x8c
                    0x008c                  _IFS4bits = 0x8c
                    0x008e                  IFS5 = 0x8e
                    0x008e                  _IFS5 = 0x8e
                    0x008e                  _IFS5bits = 0x8e
                    0x0094                  IEC0 = 0x94
                    0x0094                  _IEC0 = 0x94
                    0x0094                  _IEC0bits = 0x94
                    0x0096                  IEC1 = 0x96
                    0x0096                  _IEC1 = 0x96
                    0x0096                  _IEC1bits = 0x96
                    0x0098                  IEC2 = 0x98
                    0x0098                  _IEC2 = 0x98
                    0x0098                  _IEC2bits = 0x98
                    0x009a                  IEC3 = 0x9a
                    0x009a                  _IEC3 = 0x9a
                    0x009a                  _IEC3bits = 0x9a
                    0x009c                  IEC4 = 0x9c
                    0x009c                  _IEC4 = 0x9c
                    0x009c                  _IEC4bits = 0x9c
                    0x009e                  IEC5 = 0x9e
                    0x009e                  _IEC5 = 0x9e
                    0x009e                  _IEC5bits = 0x9e
                    0x00a4                  IPC0 = 0xa4
                    0x00a4                  _IPC0 = 0xa4
                    0x00a4                  _IPC0bits = 0xa4
                    0x00a6                  IPC1 = 0xa6
                    0x00a6                  _IPC1 = 0xa6
                    0x00a6                  _IPC1bits = 0xa6
                    0x00a8                  IPC2 = 0xa8
                    0x00a8                  _IPC2 = 0xa8
                    0x00a8                  _IPC2bits = 0xa8
                    0x00aa                  IPC3 = 0xaa
                    0x00aa                  _IPC3 = 0xaa
                    0x00aa                  _IPC3bits = 0xaa
                    0x00ac                  IPC4 = 0xac
                    0x00ac                  _IPC4 = 0xac
                    0x00ac                  _IPC4bits = 0xac
                    0x00ae                  IPC5 = 0xae
                    0x00ae                  _IPC5 = 0xae
                    0x00ae                  _IPC5bits = 0xae
                    0x00b0                  IPC6 = 0xb0
                    0x00b0                  _IPC6 = 0xb0
                    0x00b0                  _IPC6bits = 0xb0
                    0x00b2                  IPC7 = 0xb2
                    0x00b2                  _IPC7 = 0xb2
                    0x00b2                  _IPC7bits = 0xb2
                    0x00b4                  IPC8 = 0xb4
                    0x00b4                  _IPC8 = 0xb4
                    0x00b4                  _IPC8bits = 0xb4
                    0x00b6                  IPC9 = 0xb6
                    0x00b6                  _IPC9 = 0xb6
                    0x00b6                  _IPC9bits = 0xb6
                    0x00b8                  IPC10 = 0xb8
                    0x00b8                  _IPC10 = 0xb8
                    0x00b8                  _IPC10bits = 0xb8
                    0x00ba                  IPC11 = 0xba
                    0x00ba                  _IPC11 = 0xba
                    0x00ba                  _IPC11bits = 0xba
                    0x00bc                  IPC12 = 0xbc
                    0x00bc                  _IPC12 = 0xbc
                    0x00bc                  _IPC12bits = 0xbc
                    0x00be                  IPC13 = 0xbe
                    0x00be                  _IPC13 = 0xbe
                    0x00be                  _IPC13bits = 0xbe
                    0x00c2                  IPC15 = 0xc2
                    0x00c2                  _IPC15 = 0xc2
                    0x00c2                  _IPC15bits = 0xc2
                    0x00c4                  IPC16 = 0xc4
                    0x00c4                  _IPC16 = 0xc4
                    0x00c4                  _IPC16bits = 0xc4
                    0x00c8                  IPC18 = 0xc8
                    0x00c8                  _IPC18 = 0xc8
                    0x00c8                  _IPC18bits = 0xc8
                    0x00ca                  IPC19 = 0xca
                    0x00ca                  _IPC19 = 0xca
                    0x00ca                  _IPC19bits = 0xca
                    0x00cc                  IPC20 = 0xcc
                    0x00cc                  _IPC20 = 0xcc
                    0x00cc                  _IPC20bits = 0xcc
                    0x00ce                  IPC21 = 0xce
                    0x00ce                  _IPC21 = 0xce
                    0x00ce                  _IPC21bits = 0xce
                    0x00d0                  IPC22 = 0xd0
                    0x00d0                  _IPC22 = 0xd0
                    0x00d0                  _IPC22bits = 0xd0
                    0x00d2                  IPC23 = 0xd2
                    0x00d2                  _IPC23 = 0xd2
                    0x00d2                  _IPC23bits = 0xd2
                    0x00e0                  INTTREG = 0xe0
                    0x00e0                  _INTTREG = 0xe0
                    0x00e0                  _INTTREGbits = 0xe0
                    0x0100                  TMR1 = 0x100
                    0x0100                  _TMR1 = 0x100
                    0x0102                  PR1 = 0x102
                    0x0102                  _PR1 = 0x102
                    0x0104                  T1CON = 0x104
                    0x0104                  _T1CON = 0x104
                    0x0104                  _T1CONbits = 0x104
                    0x0106                  TMR2 = 0x106
                    0x0106                  _TMR2 = 0x106
                    0x0108                  TMR3HLD = 0x108
                    0x0108                  _TMR3HLD = 0x108
                    0x010a                  TMR3 = 0x10a
                    0x010a                  _TMR3 = 0x10a
                    0x010c                  PR2 = 0x10c
                    0x010c                  _PR2 = 0x10c
                    0x010e                  PR3 = 0x10e
                    0x010e                  _PR3 = 0x10e
                    0x0110                  T2CON = 0x110
                    0x0110                  _T2CON = 0x110
                    0x0110                  _T2CONbits = 0x110
                    0x0112                  T3CON = 0x112
                    0x0112                  _T3CON = 0x112
                    0x0112                  _T3CONbits = 0x112
                    0x0114                  TMR4 = 0x114
                    0x0114                  _TMR4 = 0x114
                    0x0116                  TMR5HLD = 0x116
                    0x0116                  _TMR5HLD = 0x116
                    0x0118                  TMR5 = 0x118
                    0x0118                  _TMR5 = 0x118
                    0x011a                  PR4 = 0x11a
                    0x011a                  _PR4 = 0x11a
                    0x011c                  PR5 = 0x11c
                    0x011c                  _PR5 = 0x11c
                    0x011e                  T4CON = 0x11e
                    0x011e                  _T4CON = 0x11e
                    0x011e                  _T4CONbits = 0x11e
                    0x0120                  T5CON = 0x120
                    0x0120                  _T5CON = 0x120
                    0x0120                  _T5CONbits = 0x120
                    0x0140                  IC1CON1 = 0x140
                    0x0140                  _IC1CON1 = 0x140
                    0x0140                  _IC1CON1bits = 0x140
                    0x0142                  IC1CON2 = 0x142
                    0x0142                  _IC1CON2 = 0x142
                    0x0142                  _IC1CON2bits = 0x142
                    0x0144                  IC1BUF = 0x144
                    0x0144                  _IC1BUF = 0x144
                    0x0146                  IC1TMR = 0x146
                    0x0146                  _IC1TMR = 0x146
                    0x0148                  IC2CON1 = 0x148
                    0x0148                  _IC2CON1 = 0x148
                    0x0148                  _IC2CON1bits = 0x148
                    0x014a                  IC2CON2 = 0x14a
                    0x014a                  _IC2CON2 = 0x14a
                    0x014a                  _IC2CON2bits = 0x14a
                    0x014c                  IC2BUF = 0x14c
                    0x014c                  _IC2BUF = 0x14c
                    0x014e                  IC2TMR = 0x14e
                    0x014e                  _IC2TMR = 0x14e
                    0x0150                  IC3CON1 = 0x150
                    0x0150                  _IC3CON1 = 0x150
                    0x0150                  _IC3CON1bits = 0x150
                    0x0152                  IC3CON2 = 0x152
                    0x0152                  _IC3CON2 = 0x152
                    0x0152                  _IC3CON2bits = 0x152
                    0x0154                  IC3BUF = 0x154
                    0x0154                  _IC3BUF = 0x154
                    0x0156                  IC3TMR = 0x156
                    0x0156                  _IC3TMR = 0x156
                    0x0158                  IC4CON1 = 0x158
                    0x0158                  _IC4CON1 = 0x158
                    0x0158                  _IC4CON1bits = 0x158
                    0x015a                  IC4CON2 = 0x15a
                    0x015a                  _IC4CON2 = 0x15a
                    0x015a                  _IC4CON2bits = 0x15a
                    0x015c                  IC4BUF = 0x15c
                    0x015c                  _IC4BUF = 0x15c
                    0x015e                  IC4TMR = 0x15e
                    0x015e                  _IC4TMR = 0x15e
                    0x0160                  IC5CON1 = 0x160
                    0x0160                  _IC5CON1 = 0x160
                    0x0160                  _IC5CON1bits = 0x160
                    0x0162                  IC5CON2 = 0x162
                    0x0162                  _IC5CON2 = 0x162
                    0x0162                  _IC5CON2bits = 0x162
                    0x0164                  IC5BUF = 0x164
                    0x0164                  _IC5BUF = 0x164
                    0x0166                  IC5TMR = 0x166
                    0x0166                  _IC5TMR = 0x166
                    0x0168                  IC6CON1 = 0x168
                    0x0168                  _IC6CON1 = 0x168
                    0x0168                  _IC6CON1bits = 0x168
                    0x016a                  IC6CON2 = 0x16a
                    0x016a                  _IC6CON2 = 0x16a
                    0x016a                  _IC6CON2bits = 0x16a
                    0x016c                  IC6BUF = 0x16c
                    0x016c                  _IC6BUF = 0x16c
                    0x016e                  IC6TMR = 0x16e
                    0x016e                  _IC6TMR = 0x16e
                    0x0170                  IC7CON1 = 0x170
                    0x0170                  _IC7CON1 = 0x170
                    0x0170                  _IC7CON1bits = 0x170
                    0x0172                  IC7CON2 = 0x172
                    0x0172                  _IC7CON2 = 0x172
                    0x0172                  _IC7CON2bits = 0x172
                    0x0174                  IC7BUF = 0x174
                    0x0174                  _IC7BUF = 0x174
                    0x0176                  IC7TMR = 0x176
                    0x0176                  _IC7TMR = 0x176
                    0x0178                  IC8CON1 = 0x178
                    0x0178                  _IC8CON1 = 0x178
                    0x0178                  _IC8CON1bits = 0x178
                    0x017a                  IC8CON2 = 0x17a
                    0x017a                  _IC8CON2 = 0x17a
                    0x017a                  _IC8CON2bits = 0x17a
                    0x017c                  IC8BUF = 0x17c
                    0x017c                  _IC8BUF = 0x17c
                    0x017e                  IC8TMR = 0x17e
                    0x017e                  _IC8TMR = 0x17e
                    0x0180                  IC9CON1 = 0x180
                    0x0180                  _IC9CON1 = 0x180
                    0x0180                  _IC9CON1bits = 0x180
                    0x0182                  IC9CON2 = 0x182
                    0x0182                  _IC9CON2 = 0x182
                    0x0182                  _IC9CON2bits = 0x182
                    0x0184                  IC9BUF = 0x184
                    0x0184                  _IC9BUF = 0x184
                    0x0186                  IC9TMR = 0x186
                    0x0186                  _IC9TMR = 0x186
                    0x0190                  OC1CON1 = 0x190
                    0x0190                  _OC1CON1 = 0x190
                    0x0190                  _OC1CON1bits = 0x190
                    0x0192                  OC1CON2 = 0x192
                    0x0192                  _OC1CON2 = 0x192
                    0x0192                  _OC1CON2bits = 0x192
                    0x0194                  OC1RS = 0x194
                    0x0194                  _OC1RS = 0x194
                    0x0196                  OC1R = 0x196
                    0x0196                  _OC1R = 0x196
                    0x0198                  OC1TMR = 0x198
                    0x0198                  _OC1TMR = 0x198
                    0x019a                  OC2CON1 = 0x19a
                    0x019a                  _OC2CON1 = 0x19a
                    0x019a                  _OC2CON1bits = 0x19a
                    0x019c                  OC2CON2 = 0x19c
                    0x019c                  _OC2CON2 = 0x19c
                    0x019c                  _OC2CON2bits = 0x19c
                    0x019e                  OC2RS = 0x19e
                    0x019e                  _OC2RS = 0x19e
                    0x01a0                  OC2R = 0x1a0
                    0x01a0                  _OC2R = 0x1a0
                    0x01a2                  OC2TMR = 0x1a2
                    0x01a2                  _OC2TMR = 0x1a2
                    0x01a4                  OC3CON1 = 0x1a4
                    0x01a4                  _OC3CON1 = 0x1a4
                    0x01a4                  _OC3CON1bits = 0x1a4
                    0x01a6                  OC3CON2 = 0x1a6
                    0x01a6                  _OC3CON2 = 0x1a6
                    0x01a6                  _OC3CON2bits = 0x1a6
                    0x01a8                  OC3RS = 0x1a8
                    0x01a8                  _OC3RS = 0x1a8
                    0x01aa                  OC3R = 0x1aa
                    0x01aa                  _OC3R = 0x1aa
                    0x01ac                  OC3TMR = 0x1ac
                    0x01ac                  _OC3TMR = 0x1ac
                    0x01ae                  OC4CON1 = 0x1ae
                    0x01ae                  _OC4CON1 = 0x1ae
                    0x01ae                  _OC4CON1bits = 0x1ae
                    0x01b0                  OC4CON2 = 0x1b0
                    0x01b0                  _OC4CON2 = 0x1b0
                    0x01b0                  _OC4CON2bits = 0x1b0
                    0x01b2                  OC4RS = 0x1b2
                    0x01b2                  _OC4RS = 0x1b2
                    0x01b4                  OC4R = 0x1b4
                    0x01b4                  _OC4R = 0x1b4
                    0x01b6                  OC4TMR = 0x1b6
                    0x01b6                  _OC4TMR = 0x1b6
                    0x01b8                  OC5CON1 = 0x1b8
                    0x01b8                  _OC5CON1 = 0x1b8
                    0x01b8                  _OC5CON1bits = 0x1b8
                    0x01ba                  OC5CON2 = 0x1ba
                    0x01ba                  _OC5CON2 = 0x1ba
                    0x01ba                  _OC5CON2bits = 0x1ba
                    0x01bc                  OC5RS = 0x1bc
                    0x01bc                  _OC5RS = 0x1bc
                    0x01be                  OC5R = 0x1be
                    0x01be                  _OC5R = 0x1be
                    0x01c0                  OC5TMR = 0x1c0
                    0x01c0                  _OC5TMR = 0x1c0
                    0x01c2                  OC6CON1 = 0x1c2
                    0x01c2                  _OC6CON1 = 0x1c2
                    0x01c2                  _OC6CON1bits = 0x1c2
                    0x01c4                  OC6CON2 = 0x1c4
                    0x01c4                  _OC6CON2 = 0x1c4
                    0x01c4                  _OC6CON2bits = 0x1c4
                    0x01c6                  OC6RS = 0x1c6
                    0x01c6                  _OC6RS = 0x1c6
                    0x01c8                  OC6R = 0x1c8
                    0x01c8                  _OC6R = 0x1c8
                    0x01ca                  OC6TMR = 0x1ca
                    0x01ca                  _OC6TMR = 0x1ca
                    0x01cc                  OC7CON1 = 0x1cc
                    0x01cc                  _OC7CON1 = 0x1cc
                    0x01cc                  _OC7CON1bits = 0x1cc
                    0x01ce                  OC7CON2 = 0x1ce
                    0x01ce                  _OC7CON2 = 0x1ce
                    0x01ce                  _OC7CON2bits = 0x1ce
                    0x01d0                  OC7RS = 0x1d0
                    0x01d0                  _OC7RS = 0x1d0
                    0x01d2                  OC7R = 0x1d2
                    0x01d2                  _OC7R = 0x1d2
                    0x01d4                  OC7TMR = 0x1d4
                    0x01d4                  _OC7TMR = 0x1d4
                    0x01d6                  OC8CON1 = 0x1d6
                    0x01d6                  _OC8CON1 = 0x1d6
                    0x01d6                  _OC8CON1bits = 0x1d6
                    0x01d8                  OC8CON2 = 0x1d8
                    0x01d8                  _OC8CON2 = 0x1d8
                    0x01d8                  _OC8CON2bits = 0x1d8
                    0x01da                  OC8RS = 0x1da
                    0x01da                  _OC8RS = 0x1da
                    0x01dc                  OC8R = 0x1dc
                    0x01dc                  _OC8R = 0x1dc
                    0x01de                  OC8TMR = 0x1de
                    0x01de                  _OC8TMR = 0x1de
                    0x01e0                  OC9CON1 = 0x1e0
                    0x01e0                  _OC9CON1 = 0x1e0
                    0x01e0                  _OC9CON1bits = 0x1e0
                    0x01e2                  OC9CON2 = 0x1e2
                    0x01e2                  _OC9CON2 = 0x1e2
                    0x01e2                  _OC9CON2bits = 0x1e2
                    0x01e4                  OC9RS = 0x1e4
                    0x01e4                  _OC9RS = 0x1e4
                    0x01e6                  OC9R = 0x1e6
                    0x01e6                  _OC9R = 0x1e6
                    0x01e8                  OC9TMR = 0x1e8
                    0x01e8                  _OC9TMR = 0x1e8
                    0x0200                  I2C1RCV = 0x200
                    0x0200                  _I2C1RCV = 0x200
                    0x0202                  I2C1TRN = 0x202
                    0x0202                  _I2C1TRN = 0x202
                    0x0204                  I2C1BRG = 0x204
                    0x0204                  _I2C1BRG = 0x204
                    0x0206                  I2C1CON = 0x206
                    0x0206                  _I2C1CON = 0x206
                    0x0206                  _I2C1CONbits = 0x206
                    0x0208                  I2C1STAT = 0x208
                    0x0208                  _I2C1STAT = 0x208
                    0x0208                  _I2C1STATbits = 0x208
                    0x020a                  I2C1ADD = 0x20a
                    0x020a                  _I2C1ADD = 0x20a
                    0x020c                  I2C1MSK = 0x20c
                    0x020c                  _I2C1MSK = 0x20c
                    0x0210                  I2C2RCV = 0x210
                    0x0210                  _I2C2RCV = 0x210
                    0x0212                  I2C2TRN = 0x212
                    0x0212                  _I2C2TRN = 0x212
                    0x0214                  I2C2BRG = 0x214
                    0x0214                  _I2C2BRG = 0x214
                    0x0216                  I2C2CON = 0x216
                    0x0216                  _I2C2CON = 0x216
                    0x0216                  _I2C2CONbits = 0x216
                    0x0218                  I2C2STAT = 0x218
                    0x0218                  _I2C2STAT = 0x218
                    0x0218                  _I2C2STATbits = 0x218
                    0x021a                  I2C2ADD = 0x21a
                    0x021a                  _I2C2ADD = 0x21a
                    0x021c                  I2C2MSK = 0x21c
                    0x021c                  _I2C2MSK = 0x21c
                    0x0220                  U1MODE = 0x220
                    0x0220                  _U1MODE = 0x220
                    0x0220                  _U1MODEbits = 0x220
                    0x0222                  U1STA = 0x222
                    0x0222                  _U1STA = 0x222
                    0x0222                  _U1STAbits = 0x222
                    0x0224                  U1TXREG = 0x224
                    0x0224                  _U1TXREG = 0x224
                    0x0226                  U1RXREG = 0x226
                    0x0226                  _U1RXREG = 0x226
                    0x0228                  U1BRG = 0x228
                    0x0228                  _U1BRG = 0x228
                    0x0230                  U2MODE = 0x230
                    0x0230                  _U2MODE = 0x230
                    0x0230                  _U2MODEbits = 0x230
                    0x0232                  U2STA = 0x232
                    0x0232                  _U2STA = 0x232
                    0x0232                  _U2STAbits = 0x232
                    0x0234                  U2TXREG = 0x234
                    0x0234                  _U2TXREG = 0x234
                    0x0236                  U2RXREG = 0x236
                    0x0236                  _U2RXREG = 0x236
                    0x0238                  U2BRG = 0x238
                    0x0238                  _U2BRG = 0x238
                    0x0240                  SPI1STAT = 0x240
                    0x0240                  _SPI1STAT = 0x240
                    0x0240                  _SPI1STATbits = 0x240
                    0x0242                  SPI1CON1 = 0x242
                    0x0242                  _SPI1CON1 = 0x242
                    0x0242                  _SPI1CON1bits = 0x242
                    0x0244                  SPI1CON2 = 0x244
                    0x0244                  _SPI1CON2 = 0x244
                    0x0244                  _SPI1CON2bits = 0x244
                    0x0248                  SPI1BUF = 0x248
                    0x0248                  _SPI1BUF = 0x248
                    0x0250                  U3MODE = 0x250
                    0x0250                  _U3MODE = 0x250
                    0x0250                  _U3MODEbits = 0x250
                    0x0252                  U3STA = 0x252
                    0x0252                  _U3STA = 0x252
                    0x0252                  _U3STAbits = 0x252
                    0x0254                  U3TXREG = 0x254
                    0x0254                  _U3TXREG = 0x254
                    0x0256                  U3RXREG = 0x256
                    0x0256                  _U3RXREG = 0x256
                    0x0258                  U3BRG = 0x258
                    0x0258                  _U3BRG = 0x258
                    0x0260                  SPI2STAT = 0x260
                    0x0260                  _SPI2STAT = 0x260
                    0x0260                  _SPI2STATbits = 0x260
                    0x0262                  SPI2CON1 = 0x262
                    0x0262                  _SPI2CON1 = 0x262
                    0x0262                  _SPI2CON1bits = 0x262
                    0x0264                  SPI2CON2 = 0x264
                    0x0264                  _SPI2CON2 = 0x264
                    0x0264                  _SPI2CON2bits = 0x264
                    0x0268                  SPI2BUF = 0x268
                    0x0268                  _SPI2BUF = 0x268
                    0x0270                  I2C3RCV = 0x270
                    0x0270                  _I2C3RCV = 0x270
                    0x0272                  I2C3TRN = 0x272
                    0x0272                  _I2C3TRN = 0x272
                    0x0274                  I2C3BRG = 0x274
                    0x0274                  _I2C3BRG = 0x274
                    0x0276                  I2C3CON = 0x276
                    0x0276                  _I2C3CON = 0x276
                    0x0276                  _I2C3CONbits = 0x276
                    0x0278                  I2C3STAT = 0x278
                    0x0278                  _I2C3STAT = 0x278
                    0x0278                  _I2C3STATbits = 0x278
                    0x027a                  I2C3ADD = 0x27a
                    0x027a                  _I2C3ADD = 0x27a
                    0x027c                  I2C3MSK = 0x27c
                    0x027c                  _I2C3MSK = 0x27c
                    0x0280                  SPI3STAT = 0x280
                    0x0280                  _SPI3STAT = 0x280
                    0x0280                  _SPI3STATbits = 0x280
                    0x0282                  SPI3CON1 = 0x282
                    0x0282                  _SPI3CON1 = 0x282
                    0x0282                  _SPI3CON1bits = 0x282
                    0x0284                  SPI3CON2 = 0x284
                    0x0284                  _SPI3CON2 = 0x284
                    0x0284                  _SPI3CON2bits = 0x284
                    0x0288                  SPI3BUF = 0x288
                    0x0288                  _SPI3BUF = 0x288
                    0x02b0                  U4MODE = 0x2b0
                    0x02b0                  _U4MODE = 0x2b0
                    0x02b0                  _U4MODEbits = 0x2b0
                    0x02b2                  U4STA = 0x2b2
                    0x02b2                  _U4STA = 0x2b2
                    0x02b2                  _U4STAbits = 0x2b2
                    0x02b4                  U4TXREG = 0x2b4
                    0x02b4                  _U4TXREG = 0x2b4
                    0x02b6                  U4RXREG = 0x2b6
                    0x02b6                  _U4RXREG = 0x2b6
                    0x02b8                  U4BRG = 0x2b8
                    0x02b8                  _U4BRG = 0x2b8
                    0x02c8                  TRISB = 0x2c8
                    0x02c8                  _TRISB = 0x2c8
                    0x02c8                  _TRISBbits = 0x2c8
                    0x02ca                  PORTB = 0x2ca
                    0x02ca                  _PORTB = 0x2ca
                    0x02ca                  _PORTBbits = 0x2ca
                    0x02cc                  LATB = 0x2cc
                    0x02cc                  _LATB = 0x2cc
                    0x02cc                  _LATBbits = 0x2cc
                    0x02ce                  ODCB = 0x2ce
                    0x02ce                  _ODCB = 0x2ce
                    0x02ce                  _ODCBbits = 0x2ce
                    0x02d0                  TRISC = 0x2d0
                    0x02d0                  _TRISC = 0x2d0
                    0x02d0                  _TRISCbits = 0x2d0
                    0x02d2                  PORTC = 0x2d2
                    0x02d2                  _PORTC = 0x2d2
                    0x02d2                  _PORTCbits = 0x2d2
                    0x02d4                  LATC = 0x2d4
                    0x02d4                  _LATC = 0x2d4
                    0x02d4                  _LATCbits = 0x2d4
                    0x02d6                  ODCC = 0x2d6
                    0x02d6                  _ODCC = 0x2d6
                    0x02d6                  _ODCCbits = 0x2d6
                    0x02d8                  TRISD = 0x2d8
                    0x02d8                  _TRISD = 0x2d8
                    0x02d8                  _TRISDbits = 0x2d8
                    0x02da                  PORTD = 0x2da
                    0x02da                  _PORTD = 0x2da
                    0x02da                  _PORTDbits = 0x2da
                    0x02dc                  LATD = 0x2dc
                    0x02dc                  _LATD = 0x2dc
                    0x02dc                  _LATDbits = 0x2dc
                    0x02de                  ODCD = 0x2de
                    0x02de                  _ODCD = 0x2de
                    0x02de                  _ODCDbits = 0x2de
                    0x02e0                  TRISE = 0x2e0
                    0x02e0                  _TRISE = 0x2e0
                    0x02e0                  _TRISEbits = 0x2e0
                    0x02e2                  PORTE = 0x2e2
                    0x02e2                  _PORTE = 0x2e2
                    0x02e2                  _PORTEbits = 0x2e2
                    0x02e4                  LATE = 0x2e4
                    0x02e4                  _LATE = 0x2e4
                    0x02e4                  _LATEbits = 0x2e4
                    0x02e6                  ODCE = 0x2e6
                    0x02e6                  _ODCE = 0x2e6
                    0x02e6                  _ODCEbits = 0x2e6
                    0x02e8                  TRISF = 0x2e8
                    0x02e8                  _TRISF = 0x2e8
                    0x02e8                  _TRISFbits = 0x2e8
                    0x02ea                  PORTF = 0x2ea
                    0x02ea                  _PORTF = 0x2ea
                    0x02ea                  _PORTFbits = 0x2ea
                    0x02ec                  LATF = 0x2ec
                    0x02ec                  _LATF = 0x2ec
                    0x02ec                  _LATFbits = 0x2ec
                    0x02ee                  ODCF = 0x2ee
                    0x02ee                  _ODCF = 0x2ee
                    0x02ee                  _ODCFbits = 0x2ee
                    0x02f0                  TRISG = 0x2f0
                    0x02f0                  _TRISG = 0x2f0
                    0x02f0                  _TRISGbits = 0x2f0
                    0x02f2                  PORTG = 0x2f2
                    0x02f2                  _PORTG = 0x2f2
                    0x02f2                  _PORTGbits = 0x2f2
                    0x02f4                  LATG = 0x2f4
                    0x02f4                  _LATG = 0x2f4
                    0x02f4                  _LATGbits = 0x2f4
                    0x02f6                  ODCG = 0x2f6
                    0x02f6                  _ODCG = 0x2f6
                    0x02f6                  _ODCGbits = 0x2f6
                    0x02fc                  PADCFG1 = 0x2fc
                    0x02fc                  _PADCFG1 = 0x2fc
                    0x02fc                  _PADCFG1bits = 0x2fc
                    0x0300                  ADC1BUF0 = 0x300
                    0x0300                  _ADC1BUF0 = 0x300
                    0x0302                  ADC1BUF1 = 0x302
                    0x0302                  _ADC1BUF1 = 0x302
                    0x0304                  ADC1BUF2 = 0x304
                    0x0304                  _ADC1BUF2 = 0x304
                    0x0306                  ADC1BUF3 = 0x306
                    0x0306                  _ADC1BUF3 = 0x306
                    0x0308                  ADC1BUF4 = 0x308
                    0x0308                  _ADC1BUF4 = 0x308
                    0x030a                  ADC1BUF5 = 0x30a
                    0x030a                  _ADC1BUF5 = 0x30a
                    0x030c                  ADC1BUF6 = 0x30c
                    0x030c                  _ADC1BUF6 = 0x30c
                    0x030e                  ADC1BUF7 = 0x30e
                    0x030e                  _ADC1BUF7 = 0x30e
                    0x0310                  ADC1BUF8 = 0x310
                    0x0310                  _ADC1BUF8 = 0x310
                    0x0312                  ADC1BUF9 = 0x312
                    0x0312                  _ADC1BUF9 = 0x312
                    0x0314                  ADC1BUFA = 0x314
                    0x0314                  _ADC1BUFA = 0x314
                    0x0316                  ADC1BUFB = 0x316
                    0x0316                  _ADC1BUFB = 0x316
                    0x0318                  ADC1BUFC = 0x318
                    0x0318                  _ADC1BUFC = 0x318
                    0x031a                  ADC1BUFD = 0x31a
                    0x031a                  _ADC1BUFD = 0x31a
                    0x031c                  ADC1BUFE = 0x31c
                    0x031c                  _ADC1BUFE = 0x31c
                    0x031e                  ADC1BUFF = 0x31e
                    0x031e                  _ADC1BUFF = 0x31e
                    0x0320                  AD1CON1 = 0x320
                    0x0320                  _AD1CON1 = 0x320
                    0x0320                  _AD1CON1bits = 0x320
                    0x0322                  AD1CON2 = 0x322
                    0x0322                  _AD1CON2 = 0x322
                    0x0322                  _AD1CON2bits = 0x322
                    0x0324                  AD1CON3 = 0x324
                    0x0324                  _AD1CON3 = 0x324
                    0x0324                  _AD1CON3bits = 0x324
                    0x0328                  AD1CHS = 0x328
                    0x0328                  _AD1CHS = 0x328
                    0x0328                  _AD1CHSbits = 0x328
                    0x0328                  AD1CHS0 = 0x328
                    0x0328                  _AD1CHS0 = 0x328
                    0x0328                  _AD1CHS0bits = 0x328
                    0x032a                  AD1PCFGH = 0x32a
                    0x032a                  _AD1PCFGH = 0x32a
                    0x032a                  _AD1PCFGHbits = 0x32a
                    0x032c                  AD1PCFG = 0x32c
                    0x032c                  _AD1PCFG = 0x32c
                    0x032c                  _AD1PCFGbits = 0x32c
                    0x032c                  AD1PCFGL = 0x32c
                    0x032c                  _AD1PCFGL = 0x32c
                    0x032c                  _AD1PCFGLbits = 0x32c
                    0x0330                  AD1CSSL = 0x330
                    0x0330                  _AD1CSSL = 0x330
                    0x0330                  _AD1CSSLbits = 0x330
                    0x0332                  AD1CSSH = 0x332
                    0x0332                  _AD1CSSH = 0x332
                    0x0332                  _AD1CSSHbits = 0x332
                    0x033c                  CTMUCON = 0x33c
                    0x033c                  _CTMUCON = 0x33c
                    0x033c                  _CTMUCONbits = 0x33c
                    0x033e                  CTMUICON = 0x33e
                    0x033e                  _CTMUICON = 0x33e
                    0x033e                  _CTMUICONbits = 0x33e
                    0x0600                  PMCON = 0x600
                    0x0600                  _PMCON = 0x600
                    0x0600                  _PMCONbits = 0x600
                    0x0602                  PMMODE = 0x602
                    0x0602                  _PMMODE = 0x602
                    0x0602                  _PMMODEbits = 0x602
                    0x0604                  PMADDR = 0x604
                    0x0604                  _PMADDR = 0x604
                    0x0604                  _PMADDRbits = 0x604
                    0x0604                  PMDOUT1 = 0x604
                    0x0604                  _PMDOUT1 = 0x604
                    0x0604                  _PMDOUT1bits = 0x604
                    0x0606                  PMDOUT2 = 0x606
                    0x0606                  _PMDOUT2 = 0x606
                    0x0608                  PMDIN1 = 0x608
                    0x0608                  _PMDIN1 = 0x608
                    0x060a                  PMDIN2 = 0x60a
                    0x060a                  _PMDIN2 = 0x60a
                    0x060c                  PMAEN = 0x60c
                    0x060c                  _PMAEN = 0x60c
                    0x060c                  _PMAENbits = 0x60c
                    0x060e                  PMSTAT = 0x60e
                    0x060e                  _PMSTAT = 0x60e
                    0x060e                  _PMSTATbits = 0x60e
                    0x0620                  ALRMVAL = 0x620
                    0x0620                  _ALRMVAL = 0x620
                    0x0622                  ALCFGRPT = 0x622
                    0x0622                  _ALCFGRPT = 0x622
                    0x0622                  _ALCFGRPTbits = 0x622
                    0x0624                  RTCVAL = 0x624
                    0x0624                  _RTCVAL = 0x624
                    0x0626                  RCFGCAL = 0x626
                    0x0626                  _RCFGCAL = 0x626
                    0x0626                  _RCFGCALbits = 0x626
                    0x0630                  CMSTAT = 0x630
                    0x0630                  _CMSTAT = 0x630
                    0x0630                  _CMSTATbits = 0x630
                    0x0632                  CVRCON = 0x632
                    0x0632                  _CVRCON = 0x632
                    0x0632                  _CVRCONbits = 0x632
                    0x0634                  CM1CON = 0x634
                    0x0634                  _CM1CON = 0x634
                    0x0634                  _CM1CONbits = 0x634
                    0x0636                  CM2CON = 0x636
                    0x0636                  _CM2CON = 0x636
                    0x0636                  _CM2CONbits = 0x636
                    0x0638                  CM3CON = 0x638
                    0x0638                  _CM3CON = 0x638
                    0x0638                  _CM3CONbits = 0x638
                    0x0640                  CRCCON = 0x640
                    0x0640                  _CRCCON = 0x640
                    0x0640                  _CRCCONbits = 0x640
                    0x0642                  CRCXOR = 0x642
                    0x0642                  _CRCXOR = 0x642
                    0x0642                  _CRCXORbits = 0x642
                    0x0644                  CRCDAT = 0x644
                    0x0644                  _CRCDAT = 0x644
                    0x0646                  CRCWDAT = 0x646
                    0x0646                  _CRCWDAT = 0x646
                    0x0680                  RPINR0 = 0x680
                    0x0680                  _RPINR0 = 0x680
                    0x0680                  _RPINR0bits = 0x680
                    0x0682                  RPINR1 = 0x682
                    0x0682                  _RPINR1 = 0x682
                    0x0682                  _RPINR1bits = 0x682
                    0x0684                  RPINR2 = 0x684
                    0x0684                  _RPINR2 = 0x684
                    0x0684                  _RPINR2bits = 0x684
                    0x0686                  RPINR3 = 0x686
                    0x0686                  _RPINR3 = 0x686
                    0x0686                  _RPINR3bits = 0x686
                    0x0688                  RPINR4 = 0x688
                    0x0688                  _RPINR4 = 0x688
                    0x0688                  _RPINR4bits = 0x688
                    0x068e                  RPINR7 = 0x68e
                    0x068e                  _RPINR7 = 0x68e
                    0x068e                  _RPINR7bits = 0x68e
                    0x0690                  RPINR8 = 0x690
                    0x0690                  _RPINR8 = 0x690
                    0x0690                  _RPINR8bits = 0x690
                    0x0692                  RPINR9 = 0x692
                    0x0692                  _RPINR9 = 0x692
                    0x0692                  _RPINR9bits = 0x692
                    0x0694                  RPINR10 = 0x694
                    0x0694                  _RPINR10 = 0x694
                    0x0694                  _RPINR10bits = 0x694
                    0x0696                  RPINR11 = 0x696
                    0x0696                  _RPINR11 = 0x696
                    0x0696                  _RPINR11bits = 0x696
                    0x069e                  RPINR15 = 0x69e
                    0x069e                  _RPINR15 = 0x69e
                    0x069e                  _RPINR15bits = 0x69e
                    0x06a2                  RPINR17 = 0x6a2
                    0x06a2                  _RPINR17 = 0x6a2
                    0x06a2                  _RPINR17bits = 0x6a2
                    0x06a4                  RPINR18 = 0x6a4
                    0x06a4                  _RPINR18 = 0x6a4
                    0x06a4                  _RPINR18bits = 0x6a4
                    0x06a6                  RPINR19 = 0x6a6
                    0x06a6                  _RPINR19 = 0x6a6
                    0x06a6                  _RPINR19bits = 0x6a6
                    0x06a8                  RPINR20 = 0x6a8
                    0x06a8                  _RPINR20 = 0x6a8
                    0x06a8                  _RPINR20bits = 0x6a8
                    0x06aa                  RPINR21 = 0x6aa
                    0x06aa                  _RPINR21 = 0x6aa
                    0x06aa                  _RPINR21bits = 0x6aa
                    0x06ac                  RPINR22 = 0x6ac
                    0x06ac                  _RPINR22 = 0x6ac
                    0x06ac                  _RPINR22bits = 0x6ac
                    0x06ae                  RPINR23 = 0x6ae
                    0x06ae                  _RPINR23 = 0x6ae
                    0x06ae                  _RPINR23bits = 0x6ae
                    0x06b6                  RPINR27 = 0x6b6
                    0x06b6                  _RPINR27 = 0x6b6
                    0x06b6                  _RPINR27bits = 0x6b6
                    0x06b8                  RPINR28 = 0x6b8
                    0x06b8                  _RPINR28 = 0x6b8
                    0x06b8                  _RPINR28bits = 0x6b8
                    0x06ba                  RPINR29 = 0x6ba
                    0x06ba                  _RPINR29 = 0x6ba
                    0x06ba                  _RPINR29bits = 0x6ba
                    0x06c0                  RPOR0 = 0x6c0
                    0x06c0                  _RPOR0 = 0x6c0
                    0x06c0                  _RPOR0bits = 0x6c0
                    0x06c2                  RPOR1 = 0x6c2
                    0x06c2                  _RPOR1 = 0x6c2
                    0x06c2                  _RPOR1bits = 0x6c2
                    0x06c4                  RPOR2 = 0x6c4
                    0x06c4                  _RPOR2 = 0x6c4
                    0x06c4                  _RPOR2bits = 0x6c4
                    0x06c6                  RPOR3 = 0x6c6
                    0x06c6                  _RPOR3 = 0x6c6
                    0x06c6                  _RPOR3bits = 0x6c6
                    0x06c8                  RPOR4 = 0x6c8
                    0x06c8                  _RPOR4 = 0x6c8
                    0x06c8                  _RPOR4bits = 0x6c8
                    0x06ca                  RPOR5 = 0x6ca
                    0x06ca                  _RPOR5 = 0x6ca
                    0x06ca                  _RPOR5bits = 0x6ca
                    0x06cc                  RPOR6 = 0x6cc
                    0x06cc                  _RPOR6 = 0x6cc
                    0x06cc                  _RPOR6bits = 0x6cc
                    0x06ce                  RPOR7 = 0x6ce
                    0x06ce                  _RPOR7 = 0x6ce
                    0x06ce                  _RPOR7bits = 0x6ce
                    0x06d0                  RPOR8 = 0x6d0
                    0x06d0                  _RPOR8 = 0x6d0
                    0x06d0                  _RPOR8bits = 0x6d0
                    0x06d2                  RPOR9 = 0x6d2
                    0x06d2                  _RPOR9 = 0x6d2
                    0x06d2                  _RPOR9bits = 0x6d2
                    0x06d4                  RPOR10 = 0x6d4
                    0x06d4                  _RPOR10 = 0x6d4
                    0x06d4                  _RPOR10bits = 0x6d4
                    0x06d6                  RPOR11 = 0x6d6
                    0x06d6                  _RPOR11 = 0x6d6
                    0x06d6                  _RPOR11bits = 0x6d6
                    0x06d8                  RPOR12 = 0x6d8
                    0x06d8                  _RPOR12 = 0x6d8
                    0x06d8                  _RPOR12bits = 0x6d8
                    0x06da                  RPOR13 = 0x6da
                    0x06da                  _RPOR13 = 0x6da
                    0x06da                  _RPOR13bits = 0x6da
                    0x06dc                  RPOR14 = 0x6dc
                    0x06dc                  _RPOR14 = 0x6dc
                    0x06dc                  _RPOR14bits = 0x6dc
                    0x06de                  RPOR15 = 0x6de
                    0x06de                  _RPOR15 = 0x6de
                    0x06de                  _RPOR15bits = 0x6de
                    0x06e2                  ALTRP = 0x6e2
                    0x06e2                  _ALTRP = 0x6e2
                    0x06e2                  _ALTRPbits = 0x6e2
                    0x0740                  RCON = 0x740
                    0x0740                  _RCON = 0x740
                    0x0740                  _RCONbits = 0x740
                    0x0742                  OSCCON = 0x742
                    0x0742                  _OSCCON = 0x742
                    0x0742                  _OSCCONbits = 0x742
                    0x0742                  OSCCONL = 0x742
                    0x0742                  _OSCCONL = 0x742
                    0x0743                  OSCCONH = 0x743
                    0x0743                  _OSCCONH = 0x743
                    0x0744                  CLKDIV = 0x744
                    0x0744                  _CLKDIV = 0x744
                    0x0744                  _CLKDIVbits = 0x744
                    0x0748                  OSCTUN = 0x748
                    0x0748                  _OSCTUN = 0x748
                    0x0748                  _OSCTUNbits = 0x748
                    0x074e                  REFOCON = 0x74e
                    0x074e                  _REFOCON = 0x74e
                    0x074e                  _REFOCONbits = 0x74e
                    0x0760                  NVMCON = 0x760
                    0x0760                  _NVMCON = 0x760
                    0x0760                  _NVMCONbits = 0x760
                    0x0766                  NVMKEY = 0x766
                    0x0766                  _NVMKEY = 0x766
                    0x0770                  PMD1 = 0x770
                    0x0770                  _PMD1 = 0x770
                    0x0770                  _PMD1bits = 0x770
                    0x0772                  PMD2 = 0x772
                    0x0772                  _PMD2 = 0x772
                    0x0772                  _PMD2bits = 0x772
                    0x0774                  PMD3 = 0x774
                    0x0774                  _PMD3 = 0x774
                    0x0774                  _PMD3bits = 0x774
                    0x0776                  PMD4 = 0x776
                    0x0776                  _PMD4 = 0x776
                    0x0776                  _PMD4bits = 0x776
                    0x0778                  PMD5 = 0x778
                    0x0778                  _PMD5 = 0x778
                    0x0778                  _PMD5bits = 0x778
                    0x077a                  PMD6 = 0x77a
                    0x077a                  _PMD6 = 0x77a
                    0x077a                  _PMD6bits = 0x77a